✔ B04: deleting only a PNG asset manifest entry rejects before target publication (97.402729ms)
▶ each registered card requires card, report, original, and every preserved resource
  ✔ card.json (14.176967ms)
  ✔ report.json (17.02963ms)
  ✔ original (18.864264ms)
  ✔ e37630e68e600c835103e393f8deff8c8ed6e5c18a9fcccb470cabaf6cd2ca95 (22.08371ms)
  ✔ e37630e68e600c835103e393f8deff8c8ed6e5c18a9fcccb470cabaf6cd2ca95 (19.857887ms)
  ✔ 8e57f10f60559d18b98887a3b60498c10b8cede3c0f0fde0c8ff6145e3228487 (20.074397ms)
  ✔ ea83eb606b9eb625deb7de74ccbf9dbcb3ad5a47aad0c3bb3f0365df1f0d7538 (14.613872ms)
  ✔ 8d9b4b794affc5daf4eafa12e0c6294ab31aaeed330886145676bd6b832e8b98 (14.95808ms)
  ✔ 3d07a18a6da3680f75b86f555bf942e97b9874d31937bc3a68f532e883922d6c (16.384247ms)
✔ each registered card requires card, report, original, and every preserved resource (224.182918ms)
✔ standalone cards retain a complete registration and dependency closure (49.389435ms)
▶ rehashing modified normalized paths, identities, declarations, reports, or source still fails closure
  ✔ card identity (8.761299ms)
  ✔ original identity (11.441187ms)
  ✔ original path (8.380236ms)
  ✔ asset path (16.271906ms)
  ✔ asset hash (17.682695ms)
  ✔ asset MIME (12.626277ms)
  ✔ resource path (13.613576ms)
  ✔ resource size (16.802079ms)
  ✔ removed resource declaration (15.141862ms)
  ✔ removed media declaration (14.320089ms)
✔ rehashing modified normalized paths, identities, declarations, reports, or source still fails closure (198.017998ms)
✔ dangling world card registrations and changed world resource metadata reject (57.899799ms)
✔ complete PNG/CharX/unsupported resources roundtrip preserves bytes, greetings, branches and resets receipts (106.441469ms)
✔ manifest corruption, unknown schema, missing roster and unsafe extra paths fail without artifacts (28.978797ms)
✔ creating an app backup rejects minimal unregistered WorldStore fixture cards (24.387857ms)
✔ backup creation detects missing source dependencies and empty registrations, and skips unfinished import staging (34.590405ms)
✔ existing directories and dangling destination links are never replaced (15.424961ms)
✔ unreferenced media must remain hash-addressed sanitized safe media, while undeclared raw resources reject (64.367757ms)
✔ unknown manifest fields, duplicate registrations and members, and symbolic-link input are refused (22.063475ms)
✔ empty-world backups are valid but incomplete standalone card registrations cannot be exported (13.242893ms)
✔ binary upload previews without registration, explicit accept preserves exact original and duplicate identity (125.983428ms)
✔ preview cancellation and malformed upload leave existing content intact and permit retry (211.119395ms)
✔ incomplete transfer fails atomically and startup records interrupted imports (22.950099ms)
✔ resource preview is local, cancellation removes staging and startup cleans only unreferenced media (100.59922ms)
✔ cancelling an in-flight upload releases the slot and does not register partial bytes (7.18479ms)
✔ a 21 MiB CharX uploads in bounded chunks, retains unknown binary and remains usable after reopen (1488.149231ms)
✔ process termination after preview leaves an interrupted job and no partially registered card (161.872992ms)
✔ cancel before atomic publication cleans only newly created resources and keeps earlier card media (29.456303ms)
✔ ST v1/v2/v3 map narrative fields and preserve unknown values exactly (69.082554ms)
✔ duplicate content has one stable registration even concurrently; changed content is separate (49.060555ms)
✔ PNG metadata tEXt/zTXt/iTXt valid; chara plus compatible ccv3 prefers v3; preview contains no metadata (56.088643ms)
✔ PNG rejects conflicting metadata, duplicate conflicting keys, corrupted CRC, broken JSON, missing metadata (15.352914ms)
✔ CharX preserves exact module/resources, deduplicates safe media, blocks active MIME and marks missing/remote assets (28.775923ms)
✔ CharX accepts deflate and directory entries (15.316426ms)
✔ unsafe archive paths, symlinks, encryption, duplicate entry names, missing card reject whole import (20.282509ms)
✔ raw, expanded, entry-count, depth, ratio and PNG pixel limits are enforced before registration (19.182379ms)
✔ malformed JSON, invalid critical data, dangerous keys and unrecognized formats reject atomically (6.956945ms)
✔ card/asset IDs never become trusted filesystem paths; symlinked stores fail closed (3.700595ms)
✔ fixed Risu legacy module decodes metadata, worldbook override and media; scripts remain disabled (13.355184ms)
✔ module future versions and truncated resources are preserved with explicit unsupported report (16.924575ms)
✔ ZIP corruption, central/local mismatch, unsupported compression, and appended garbage fail closed (5.612619ms)
✔ deep JSON, noncanonical base64 and malformed media cannot become registered usable resources (7.519651ms)
✔ safe audio is byte-sniffed and immutable; asset file mutation and symlinks are rejected (10.534167ms)
✔ module resource names never overwrite same-named archive resources; every preserved hash remains readable (9.602346ms)
✔ advanced lorebook activation and old variable templates are preserved but explicitly disabled (12.227704ms)
✔ storage publication failure removes staging without registering a partial card or harming prior imports (16.181523ms)
✔ noncanonical base64 and PNG declared pixel rows with inconsistent data reject (2.460584ms)
ℹ tests 59
ℹ suites 0
ℹ pass 59
ℹ fail 0
ℹ cancelled 0
ℹ skipped 0
ℹ todo 0
ℹ duration_ms 2293.510981
