✖ normal 60 MiB resources: preview remains unregistered, accept and backup restore retain exact bytes (4948.769931ms)
✔ ordinary preparing cancellation releases worker and staging without registering (445.261227ms)
✔ ordinary accept followed immediately by cancel is atomic and can be retried (160.39155ms)
ℹ tests 3
ℹ suites 0
ℹ pass 2
ℹ fail 1
ℹ cancelled 0
ℹ skipped 0
ℹ todo 0
ℹ duration_ms 5694.934964

✖ failing tests:

test at world-runtime/docs/media-focus-review/independent-media.test.mjs:15:1
✖ normal 60 MiB resources: preview remains unregistered, accept and backup restore retain exact bytes (4948.769931ms)
  Error: 备份文件超出安全大小限制
      at fail (file:///workspace/scratch/476e99dedb43/dsh-tavern-recovered/Story-Runtime-Linux-0.1.0/world-runtime/src/backup.mjs:13:49)
      at readRegular (file:///workspace/scratch/476e99dedb43/dsh-tavern-recovered/Story-Runtime-Linux-0.1.0/world-runtime/src/backup.mjs:35:20)
      at async add (file:///workspace/scratch/476e99dedb43/dsh-tavern-recovered/Story-Runtime-Linux-0.1.0/world-runtime/src/backup.mjs:98:15)
      at async visit (file:///workspace/scratch/476e99dedb43/dsh-tavern-recovered/Story-Runtime-Linux-0.1.0/world-runtime/src/backup.mjs:114:11)
      at async visit (file:///workspace/scratch/476e99dedb43/dsh-tavern-recovered/Story-Runtime-Linux-0.1.0/world-runtime/src/backup.mjs:113:6)
      at async createBackup (file:///workspace/scratch/476e99dedb43/dsh-tavern-recovered/Story-Runtime-Linux-0.1.0/world-runtime/src/backup.mjs:117:40)
      at async TestContext.<anonymous> (file:///workspace/scratch/476e99dedb43/dsh-tavern-recovered/Story-Runtime-Linux-0.1.0/world-runtime/docs/media-focus-review/independent-media.test.mjs:19:56)
      at async Test.run (node:internal/test_runner/test:1389:7)
      at async startSubtestAfterBootstrap (node:internal/test_runner/harness:387:3) {
    code: 'BACKUP_LIMIT'
  }
