Actual cancelled history: 已取消 · 9:00:00 AM这次草稿没有改变世界。ordinary draft
✔ current cancelled SSE handler displays unsaved warning (2.712047ms)
✖ history renders persistence warning supplied by snapshot after returning to world (60.486926ms)
ℹ tests 2
ℹ suites 0
ℹ pass 1
ℹ fail 1
ℹ cancelled 0
ℹ skipped 0
ℹ todo 0
ℹ duration_ms 435.469486

✖ failing tests:

test at ../../final-functional-e8/dom-contract.test.mjs:21:1
✖ history renders persistence warning supplied by snapshot after returning to world (60.486926ms)
  AssertionError [ERR_ASSERTION]: Snapshot persistence warning should remain visible in run history
      at TestContext.<anonymous> (file:///workspace/scratch/476e99dedb43/final-functional-e8/dom-contract.test.mjs:28:9)
      at Test.runInAsyncScope (node:async_hooks:227:14)
      at Test.run (node:internal/test_runner/test:1382:25)
      at Test.processPendingSubtests (node:internal/test_runner/test:960:18)
      at Test.postRun (node:internal/test_runner/test:1522:19)
      at Test.run (node:internal/test_runner/test:1447:12)
      at async startSubtestAfterBootstrap (node:internal/test_runner/harness:387:3) {
    generatedMessage: false,
    code: 'ERR_ASSERTION',
    actual: false,
    expected: true,
    operator: '==',
    diff: 'simple'
  }
