Actual cancelled history: 已取消 · 9:00:00 AM这次草稿没有改变世界。ordinary draft
✖ history renders persistence warning supplied by snapshot after returning to world (150.039982ms)
ℹ tests 1
ℹ suites 0
ℹ pass 0
ℹ fail 1
ℹ cancelled 0
ℹ skipped 0
ℹ todo 0
ℹ duration_ms 1081.537364

✖ failing tests:

test at history-warning-focus/original-history-contract.test.mjs:21:1
✖ history renders persistence warning supplied by snapshot after returning to world (150.039982ms)
  AssertionError [ERR_ASSERTION]: Snapshot persistence warning should remain visible in run history
      at TestContext.<anonymous> (file:///workspace/scratch/476e99dedb43/history-warning-focus/original-history-contract.test.mjs:28:9)
      at Test.runInAsyncScope (node:async_hooks:227:14)
      at Test.run (node:internal/test_runner/test:1382:25)
      at Test.start (node:internal/test_runner/test:1242:17)
      at startSubtestAfterBootstrap (node:internal/test_runner/harness:387:17) {
    generatedMessage: false,
    code: 'ERR_ASSERTION',
    actual: false,
    expected: true,
    operator: '==',
    diff: 'simple'
  }
