(node:8) [MODULE_TYPELESS_PACKAGE_JSON] Warning: Module type of file:///workspace/scratch/476e99dedb43/new-focus-worker-20261005/parent/tavern-plugin/lib/domain/card-preparation.js is not specified and it doesn't parse as CommonJS.
Reparsing as ES module because module syntax was detected. This incurs a performance overhead.
To eliminate this warning, add "type": "module" to /workspace/scratch/476e99dedb43/new-focus-worker-20261005/parent/package.json.
(Use `node --trace-warnings ...` to show where the warning was created)
(node:8) [MODULE_TYPELESS_PACKAGE_JSON] Warning: Module type of file:///workspace/scratch/476e99dedb43/new-focus-worker-20261005/parent/tavern-plugin/lib/domain/card-preparation.js is not specified and it doesn't parse as CommonJS.
Reparsing as ES module because module syntax was detected. This incurs a performance overhead.
To eliminate this warning, add "type": "module" to /workspace/scratch/476e99dedb43/new-focus-worker-20261005/parent/package.json.
(Use `node --trace-warnings ...` to show where the warning was created)
{"case":"worker-invalid-json-plus-cleanup-failure","result":{"http":200,"id":"88a24590-399b-45a4-8127-eb2369072cdc","filename":"ordinary-incomplete.json","size":8,"received":8,"status":"failed","error":{"code":"EBUSY","message":"Independent cleanup EBUSY"},"cleanupWarning":{"code":"EBUSY","message":"临时上传清理失败；取消或重启会重试。"}},"faults":2}
{"case":"retry-cleanup","result":{"http":200,"id":"88a24590-399b-45a4-8127-eb2369072cdc","filename":"ordinary-incomplete.json","size":8,"received":8,"status":"failed","error":{"code":"EBUSY","message":"Independent cleanup EBUSY"}}}
node:internal/modules/run_main:107
    triggerUncaughtException(
    ^

AssertionError [ERR_ASSERTION]: Expected values to be strictly equal:
+ actual - expected

+ 'EBUSY'
- 'INVALID_JSON'

    at file:///workspace/scratch/476e99dedb43/new-focus-worker-20261005/red-original-http.mjs:24:9
    at process.processTicksAndRejections (node:internal/process/task_queues:104:5) {
  generatedMessage: true,
  code: 'ERR_ASSERTION',
  actual: 'EBUSY',
  expected: 'INVALID_JSON',
  operator: 'strictEqual',
  diff: 'simple'
}

Node.js v24.19.0
